// Jest Snapshot v1, https://goo.gl/fbAQLP

exports[`[app/modules/testing/utils/createClonableIterator] when creating a clonable iterator the clone of the resulting iterator can be iterated on 1`] = `
Array [
  Object {
    "done": false,
    "value": 1,
  },
  Object {
    "done": false,
    "value": 2,
  },
  Object {
    "done": false,
    "value": 3,
  },
  Object {
    "done": true,
    "value": undefined,
  },
]
`;

exports[`[app/modules/testing/utils/createClonableIterator] when creating a clonable iterator the clone of the resulting iterator should behave independently from original iterator 1`] = `
Array [
  Object {
    "done": false,
    "value": 1,
  },
  Object {
    "done": false,
    "value": 2,
  },
  Object {
    "done": false,
    "value": 3,
  },
  Object {
    "done": true,
    "value": undefined,
  },
]
`;

exports[`[app/modules/testing/utils/createClonableIterator] when creating a clonable iterator the returned iterator can be iterated on 1`] = `
Array [
  Object {
    "done": false,
    "value": 1,
  },
  Object {
    "done": false,
    "value": 2,
  },
  Object {
    "done": false,
    "value": 3,
  },
  Object {
    "done": true,
    "value": undefined,
  },
]
`;
