// Jest Snapshot v1, https://goo.gl/fbAQLP

exports[`My mock component renders correctly 1`] = `
<div>
  test
</div>
`;
