// Jest Snapshot v1, https://goo.gl/fbAQLP

exports[`[app/modules/testing/expectRenderedToMatchSnapshot] renders correctly 1`] = `
<div>
  test
</div>
`;
